                                                                                
[38;5;99m╭─────────────────────────────────────────────────────╮[m                         
[38;5;99m│[m              [38;5;219;1m✨ Welcome to WTF CLI ✨[m               [38;5;99m│[m                         
[38;5;99m│[m                                                     [38;5;99m│[m                         
[38;5;99m│[38;5;248m  Shortcuts:[m                                         [38;5;99m│[m                         
[38;5;99m│[38;5;222;1m    Ctrl+D    [38;5;252;22mExit terminal (press twice)[m            [38;5;99m│[m                         
[38;5;99m│[38;5;222;1m    Ctrl+C    [38;5;252;22mCancel current command[m                 [38;5;99m│[m                         
[38;5;99m│[38;5;222;1m    Ctrl+Z    [38;5;252;22mSuspend process[m                        [38;5;99m│[m                         
[38;5;99m│[38;5;222;1m    /         [38;5;252;22mOpen command palette[m                   [38;5;99m│[m                         
[38;5;99m│[m                                                     [38;5;99m│[m                         
[38;5;99m│[m                         [38;5;244mdev[m                         [38;5;99m│[m                         
[38;5;99m╰─────────────────────────────────────────────────────╯[m                         
                                                                                
Welcome to WTF CLI                                                              
Golden Test Environment█                                                        
                                                                                
                                                                                
                                                                                
                                                                                
                                                                                
                                                                                
                                                                                
                                                                                
[48;2;125;86;244m [38;2;250;250;250;1m[wtf_cli] /path/to/wtf_cli/pkg/ui | [llm]: google/gemini-3.0-flash | Pres...[39;22m [m  