
[38;5;99m╭─────────────────────────────────────────────────────╮[m
[38;5;99m│[m              [38;5;219;1m✨ Welcome to WTF CLI ✨[m               [38;5;99m│[m
[38;5;99m│[m                                                     [38;5;99m│[m
[38;5;99m│[38;5;248m  Shortcuts:[m                                         [38;5;99m│[m
[38;5;99m│[m                                                     [38;5;99m│[m
[38;5;99m│[m                         [38;5;244mdev[m                         [38;5;99m│[m
[38;5;99m╰─────────────────────────────────────────────────────╯[m

Welcome to WTF CLI
Golden Test Environment
█






[48;2;125;86;244m [38;2;250;250;250;1m[wtf_cli] /path/to/wtf_cli/pkg/ui                         Press / for commands[39;22m [m