                                                                                
                                                                                
                                                                                
                                                                                
                                                                                
                                                                                
                                                                                
 [38;5;141m╭────────────────────────────────────────────────────────────────────────────╮[m 
 [38;5;141m│[m  [38;5;141;1mCommand Palette[m                                                           [38;5;141m│[m 
 [38;5;141m│[m                                                                            [38;5;141m│[m 
 [38;5;141m│[m  [97;48;5;141;1m  /explain  [m [97;1mAnalyze last output and suggest fixes[m                        [38;5;141m│[m 
 [38;5;141m│[m  [38;5;252m  /history  [m [38;5;245;3mShow command history[m                                         [38;5;141m│[m 
 [38;5;141m│[m  [38;5;252m  /settings [m [38;5;245;3mOpen settings panel[m                                          [38;5;141m│[m 
 [38;5;141m│[m  [38;5;252m  /help     [m [38;5;245;3mShow help[m                                                    [38;5;141m│[m 
 [38;5;141m│[m                                                                            [38;5;141m│[m 
 [38;5;141m│[m  [38;5;245;3m↑↓ Navigate • Enter Select • Esc Cancel[m                                   [38;5;141m│[m 
 [38;5;141m╰────────────────────────────────────────────────────────────────────────────╯[m 
                                                                                
                                                                                
                                                                                
                                                                                
                                                                                
                                                                                
[48;2;125;86;244m [38;2;250;250;250;1m[wtf_cli] /path/to/wtf_cli/pkg/ui | [llm]: google/gemini...[39;22m [m  