                                                                                  
[38;5;99m╭─────────────────────────────────────────────────────╮[m                           
[38;5;99m│[m              [1;38;5;219m✨ Welcome to WTF CLI ✨[m               [38;5;99m│[m                           
[38;5;99m│[m                                                     [38;5;99m│[m                           
[38;5;99m│[m[38;5;248m  Shortcuts:[m                                         [38;5;99m│[m                           
[38;5;99m│[m[1;38;5;222m    Ctrl+D    [m[38;5;252mExit terminal (press twice)[m            [38;5;99m│[m                           
[38;5;99m│[m[1;38;5;222m    Ctrl+C    [m[38;5;252mCancel current command[m                 [38;5;99m│[m                           
[38;5;99m│[m[1;38;5;222m    Ctrl+Z    [m[38;5;252mSuspend process[m                        [38;5;99m│[m                           
[38;5;99m│[m[1;38;5;222m    /         [m[38;5;252mOpen command palette[m                   [38;5;99m│[m                           
[38;5;99m│[m                                                     [38;5;99m│[m                           
[38;5;99m│[m                         [38;5;244mdev[m                         [38;5;99m│[m                           
[38;5;99m╰─────────────────────────────────────────────────────╯[m                           
                                                                                  
Welcome to WTF CLI                                                                
Golden Test Environment█                                                          
                                                                                  
                                                                                  
                                                                                  
                                                                                  
                                                                                  
                                                                                  
                                                                                  
                                                                                  
[48;2;125;86;244m [m[1;38;2;250;250;250;48;2;125;86;244m[wtf_cli] /home/dev/project/wtf_cli/wtf_cli/pkg/ui | [llm]: google/gemini...[m[48;2;125;86;244m [m    